{"timestamp": "2026-09-06 23:16:05,103", "level": "INFO", "logger": "nightly_pipeline", "message": Execution Started     : 2026-09-06 20:16:05 UTC}
{"timestamp": "2026-09-06 23:16:05,103", "level": "INFO", "logger": "nightly_pipeline", "message": Target Retailers      : talron, orlando}
{"timestamp": "2026-09-06 23:16:05,103", "level": "INFO", "logger": "nightly_pipeline", "message": Worker Concurrency    : 5 workers/target}
{"timestamp": "2026-09-06 23:16:05,103", "level": "INFO", "logger": "nightly_pipeline", "message": Domain Rate Limit     : 6.0 req/s per target}
{"timestamp": "2026-09-06 23:16:05,103", "level": "INFO", "logger": "nightly_pipeline", "message": Checkpoint Database   : test_smoke_checkpoint.db (Resume: True)}
{"timestamp": "2026-09-06 23:16:05,103", "level": "INFO", "logger": "nightly_pipeline", "message": Proxy Pool Status     : 0 active proxies
}
{"timestamp": "2026-09-06 23:16:05,104", "level": "INFO", "logger": "nightly_pipeline", "message": [*] Starting Pipeline Worker for: Talron (talron)}
{"timestamp": "2026-09-06 23:16:05,120", "level": "INFO", "logger": "nightly_pipeline", "message": [talron] Total Permutations: 3 | Cached: 0 | Remaining to Test: 3}
{"timestamp": "2026-09-06 23:16:05,121", "level": "INFO", "logger": "nightly_pipeline", "message": [*] Starting Pipeline Worker for: Orlando (orlando)}
{"timestamp": "2026-09-06 23:16:05,132", "level": "INFO", "logger": "nightly_pipeline", "message": [orlando] Total Permutations: 3 | Cached: 0 | Remaining to Test: 3}
{"timestamp": "2026-09-06 23:16:06,284", "level": "INFO", "logger": "nightly_pipeline", "message":     [92m[HIT: talron][0m Code: [1mtalron50[0m (ALREADY_APPLIED) -> קוד הקופון "talron50" כבר הוחל!}
{"timestamp": "2026-09-06 23:16:06,316", "level": "INFO", "logger": "nightly_pipeline", "message":     [92m[HIT: talron][0m Code: [1mwelcome5[0m (ALREADY_APPLIED) -> קוד הקופון "welcome5" כבר הוחל!}
{"timestamp": "2026-09-06 23:16:06,317", "level": "INFO", "logger": "nightly_pipeline", "message": [talron] Progress: 3/3 (100.0%) | Hits: 2 | Errors: 0 | Speed: 6.3 rps}
{"timestamp": "2026-09-06 23:16:06,317", "level": "INFO", "logger": "nightly_pipeline", "message": [+] Finished Retailer: talron (Hits: 2, 429s: 0)}
{"timestamp": "2026-09-06 23:16:07,148", "level": "INFO", "logger": "nightly_pipeline", "message":     [92m[HIT: orlando][0m Code: [1mnew30[0m (ALREADY_APPLIED) -> קוד הקופון "new30" כבר הוחל!}
{"timestamp": "2026-09-06 23:16:07,335", "level": "INFO", "logger": "nightly_pipeline", "message":     [92m[HIT: orlando][0m Code: [1mwelcome5[0m (ALREADY_APPLIED) -> קוד הקופון "welcome5" כבר הוחל!}
{"timestamp": "2026-09-06 23:16:07,336", "level": "INFO", "logger": "nightly_pipeline", "message": [orlando] Progress: 3/3 (100.0%) | Hits: 2 | Errors: 0 | Speed: 6.3 rps}
{"timestamp": "2026-09-06 23:16:07,336", "level": "INFO", "logger": "nightly_pipeline", "message": [+] Finished Retailer: orlando (Hits: 2, 429s: 0)}
{"timestamp": "2026-09-06 23:16:07,338", "level": "INFO", "logger": "nightly_pipeline", "message": [+] Nightly reports generated successfully:
    - reports\nightly_report_20260906_201607.md
    - reports\nightly_report_20260906_201607.json}
